2026-03-25 07:11:25,681 [INFO] erp_ui: {'mobileNumber': '9825396475'}
NoneType: None
2026-03-25 07:11:58,622 [INFO] erp_ui: {'mobileNumber': '9825396475'}
NoneType: None
2026-03-25 07:12:06,042 [INFO] erp_ui: {'mobileNumber': '9825396475'}
NoneType: None
2026-03-25 07:12:14,558 [INFO] erp_ui: {'mobileNumber': '9749227251'}
NoneType: None
2026-03-25 07:26:27,913 [DEBUG] erp_ui: Access token expired. Attempting refresh for endpoint: /crm/approvedDocuments/list
2026-03-25 07:26:28,009 [WARNING] erp_ui: Refresh failed. Status: 404, Body: <!DOCTYPE html>
<html lang="en">
<head>
  <meta http-equiv="content-type" content="text/html; charset=utf-8">
  <title>Page not found at /api/token/refresh/</title>
  <meta name="robots" content="NONE,NOARCHIVE">
  <style>
    html * { padding:0; margin:0; }
    body * { padding:10px 20px; }
    body * * { padding:0; }
    body { font-family: sans-serif; background:#eee; color:#000; }
    body > :where(header, main, footer) { border-bottom:1px solid #ddd; }
    h1 { font-weight:normal; margin-bottom:.4em; }
    h1 small { font-size:60%; color:#666; font-weight:normal; }
    table { border:none; border-collapse: collapse; width:100%; }
    td, th { vertical-align:top; padding:2px 3px; }
    th { width:12em; text-align:right; color:#666; padding-right:.5em; }
    #info { background:#f6f6f6; }
    #info ol { margin: 0.5em 4em; }
    #info ol li { font-family: monospace; }
    #summary { background: #ffc; }
    #explanation { background:#eee; border-bottom: 0px none; }
    pre.exception_value { font-family: sans-serif; color: #575757; font-size: 1.5em; margin: 10px 0 10px 0; }
  </style>
</head>
<body>
  <header id="summary">
    <h1>Page not found <small>(404)</small></h1>
    
    <table class="meta">
      <tr>
        <th scope="row">Request Method:</th>
        <td>POST</td>
      </tr>
      <tr>
        <th scope="row">Request URL:</th>
        <td>http://127.0.0.1:8099/api/token/refresh/</td>
      </tr>
      
    </table>
  </header>

  <main id="info">
    
      <p>
      Using the URLconf defined in <code>api.urls</code>,
      Django tried these URL patterns, in this order:
      </p>
      <ol>
        
          <li>
            
              <code>
                admin/
                
              </code>
            
          </li>
        
          <li>
            
              <code>
                master/
                
              </code>
            
          </li>
        
          <li>
            
              <code>
                tools/
                
              </code>
            
          </li>
        
          <li>
            
              <code>
                crm/
                
              </code>
            
          </li>
        
          <li>
            
              <code>
                auth/
                
              </code>
            
          </li>
        
          <li>
            
              <code>
                loan/
                
              </code>
            
          </li>
        
      </ol>
      <p>
        
          The current path, <code>api/token/refresh/</code>,
        
        didn’t match any of these.
      </p>
    
  </main>

  <footer id="explanation">
    <p>
      You’re seeing this error because you have <code>DEBUG = True</code> in
      your Django settings file. Change that to <code>False</code>, and Django
      will display a standard 404 page.
    </p>
  </footer>
</body>
</html>

2026-03-25 07:26:28,017 [INFO] erp_ui: Session expired or refresh failed. Clearing tokens and flushing session.
2026-03-25 08:28:46,662 [DEBUG] erp_ui: Access token expired. Attempting refresh for endpoint: /master/district/lists
2026-03-25 08:28:46,694 [DEBUG] erp_ui: Access token expired. Attempting refresh for endpoint: /master/vdcMunicipality/lists
2026-03-25 08:28:46,708 [DEBUG] erp_ui: Access token expired. Attempting refresh for endpoint: /master/province/lists
2026-03-25 08:28:46,833 [WARNING] erp_ui: Refresh failed. Status: 404, Body: <!DOCTYPE html>
<html lang="en">
<head>
  <meta http-equiv="content-type" content="text/html; charset=utf-8">
  <title>Page not found at /api/token/refresh/</title>
  <meta name="robots" content="NONE,NOARCHIVE">
  <style>
    html * { padding:0; margin:0; }
    body * { padding:10px 20px; }
    body * * { padding:0; }
    body { font-family: sans-serif; background:#eee; color:#000; }
    body > :where(header, main, footer) { border-bottom:1px solid #ddd; }
    h1 { font-weight:normal; margin-bottom:.4em; }
    h1 small { font-size:60%; color:#666; font-weight:normal; }
    table { border:none; border-collapse: collapse; width:100%; }
    td, th { vertical-align:top; padding:2px 3px; }
    th { width:12em; text-align:right; color:#666; padding-right:.5em; }
    #info { background:#f6f6f6; }
    #info ol { margin: 0.5em 4em; }
    #info ol li { font-family: monospace; }
    #summary { background: #ffc; }
    #explanation { background:#eee; border-bottom: 0px none; }
    pre.exception_value { font-family: sans-serif; color: #575757; font-size: 1.5em; margin: 10px 0 10px 0; }
  </style>
</head>
<body>
  <header id="summary">
    <h1>Page not found <small>(404)</small></h1>
    
    <table class="meta">
      <tr>
        <th scope="row">Request Method:</th>
        <td>POST</td>
      </tr>
      <tr>
        <th scope="row">Request URL:</th>
        <td>http://127.0.0.1:8099/api/token/refresh/</td>
      </tr>
      
    </table>
  </header>

  <main id="info">
    
      <p>
      Using the URLconf defined in <code>api.urls</code>,
      Django tried these URL patterns, in this order:
      </p>
      <ol>
        
          <li>
            
              <code>
                admin/
                
              </code>
            
          </li>
        
          <li>
            
              <code>
                master/
                
              </code>
            
          </li>
        
          <li>
            
              <code>
                tools/
                
              </code>
            
          </li>
        
          <li>
            
              <code>
                crm/
                
              </code>
            
          </li>
        
          <li>
            
              <code>
                auth/
                
              </code>
            
          </li>
        
          <li>
            
              <code>
                loan/
                
              </code>
            
          </li>
        
      </ol>
      <p>
        
          The current path, <code>api/token/refresh/</code>,
        
        didn’t match any of these.
      </p>
    
  </main>

  <footer id="explanation">
    <p>
      You’re seeing this error because you have <code>DEBUG = True</code> in
      your Django settings file. Change that to <code>False</code>, and Django
      will display a standard 404 page.
    </p>
  </footer>
</body>
</html>

2026-03-25 08:28:46,833 [WARNING] erp_ui: Refresh failed. Status: 404, Body: <!DOCTYPE html>
<html lang="en">
<head>
  <meta http-equiv="content-type" content="text/html; charset=utf-8">
  <title>Page not found at /api/token/refresh/</title>
  <meta name="robots" content="NONE,NOARCHIVE">
  <style>
    html * { padding:0; margin:0; }
    body * { padding:10px 20px; }
    body * * { padding:0; }
    body { font-family: sans-serif; background:#eee; color:#000; }
    body > :where(header, main, footer) { border-bottom:1px solid #ddd; }
    h1 { font-weight:normal; margin-bottom:.4em; }
    h1 small { font-size:60%; color:#666; font-weight:normal; }
    table { border:none; border-collapse: collapse; width:100%; }
    td, th { vertical-align:top; padding:2px 3px; }
    th { width:12em; text-align:right; color:#666; padding-right:.5em; }
    #info { background:#f6f6f6; }
    #info ol { margin: 0.5em 4em; }
    #info ol li { font-family: monospace; }
    #summary { background: #ffc; }
    #explanation { background:#eee; border-bottom: 0px none; }
    pre.exception_value { font-family: sans-serif; color: #575757; font-size: 1.5em; margin: 10px 0 10px 0; }
  </style>
</head>
<body>
  <header id="summary">
    <h1>Page not found <small>(404)</small></h1>
    
    <table class="meta">
      <tr>
        <th scope="row">Request Method:</th>
        <td>POST</td>
      </tr>
      <tr>
        <th scope="row">Request URL:</th>
        <td>http://127.0.0.1:8099/api/token/refresh/</td>
      </tr>
      
    </table>
  </header>

  <main id="info">
    
      <p>
      Using the URLconf defined in <code>api.urls</code>,
      Django tried these URL patterns, in this order:
      </p>
      <ol>
        
          <li>
            
              <code>
                admin/
                
              </code>
            
          </li>
        
          <li>
            
              <code>
                master/
                
              </code>
            
          </li>
        
          <li>
            
              <code>
                tools/
                
              </code>
            
          </li>
        
          <li>
            
              <code>
                crm/
                
              </code>
            
          </li>
        
          <li>
            
              <code>
                auth/
                
              </code>
            
          </li>
        
          <li>
            
              <code>
                loan/
                
              </code>
            
          </li>
        
      </ol>
      <p>
        
          The current path, <code>api/token/refresh/</code>,
        
        didn’t match any of these.
      </p>
    
  </main>

  <footer id="explanation">
    <p>
      You’re seeing this error because you have <code>DEBUG = True</code> in
      your Django settings file. Change that to <code>False</code>, and Django
      will display a standard 404 page.
    </p>
  </footer>
</body>
</html>

2026-03-25 08:28:46,850 [INFO] erp_ui: Session expired or refresh failed. Clearing tokens and flushing session.
2026-03-25 08:28:46,843 [INFO] erp_ui: Session expired or refresh failed. Clearing tokens and flushing session.
2026-03-25 08:28:46,834 [WARNING] erp_ui: Refresh failed. Status: 404, Body: <!DOCTYPE html>
<html lang="en">
<head>
  <meta http-equiv="content-type" content="text/html; charset=utf-8">
  <title>Page not found at /api/token/refresh/</title>
  <meta name="robots" content="NONE,NOARCHIVE">
  <style>
    html * { padding:0; margin:0; }
    body * { padding:10px 20px; }
    body * * { padding:0; }
    body { font-family: sans-serif; background:#eee; color:#000; }
    body > :where(header, main, footer) { border-bottom:1px solid #ddd; }
    h1 { font-weight:normal; margin-bottom:.4em; }
    h1 small { font-size:60%; color:#666; font-weight:normal; }
    table { border:none; border-collapse: collapse; width:100%; }
    td, th { vertical-align:top; padding:2px 3px; }
    th { width:12em; text-align:right; color:#666; padding-right:.5em; }
    #info { background:#f6f6f6; }
    #info ol { margin: 0.5em 4em; }
    #info ol li { font-family: monospace; }
    #summary { background: #ffc; }
    #explanation { background:#eee; border-bottom: 0px none; }
    pre.exception_value { font-family: sans-serif; color: #575757; font-size: 1.5em; margin: 10px 0 10px 0; }
  </style>
</head>
<body>
  <header id="summary">
    <h1>Page not found <small>(404)</small></h1>
    
    <table class="meta">
      <tr>
        <th scope="row">Request Method:</th>
        <td>POST</td>
      </tr>
      <tr>
        <th scope="row">Request URL:</th>
        <td>http://127.0.0.1:8099/api/token/refresh/</td>
      </tr>
      
    </table>
  </header>

  <main id="info">
    
      <p>
      Using the URLconf defined in <code>api.urls</code>,
      Django tried these URL patterns, in this order:
      </p>
      <ol>
        
          <li>
            
              <code>
                admin/
                
              </code>
            
          </li>
        
          <li>
            
              <code>
                master/
                
              </code>
            
          </li>
        
          <li>
            
              <code>
                tools/
                
              </code>
            
          </li>
        
          <li>
            
              <code>
                crm/
                
              </code>
            
          </li>
        
          <li>
            
              <code>
                auth/
                
              </code>
            
          </li>
        
          <li>
            
              <code>
                loan/
                
              </code>
            
          </li>
        
      </ol>
      <p>
        
          The current path, <code>api/token/refresh/</code>,
        
        didn’t match any of these.
      </p>
    
  </main>

  <footer id="explanation">
    <p>
      You’re seeing this error because you have <code>DEBUG = True</code> in
      your Django settings file. Change that to <code>False</code>, and Django
      will display a standard 404 page.
    </p>
  </footer>
</body>
</html>

2026-03-25 08:28:46,854 [INFO] erp_ui: Session expired or refresh failed. Clearing tokens and flushing session.
2026-03-26 06:39:35,742 [ERROR] erp_ui: Expecting value: line 1 column 1 (char 0)
Traceback (most recent call last):
  File "/home/manish/erp/env/lib/python3.13/site-packages/requests/models.py", line 976, in json
    return complexjson.loads(self.text, **kwargs)
           ~~~~~~~~~~~~~~~~~^^^^^^^^^^^^^^^^^^^^^
  File "/usr/lib/python3.13/json/__init__.py", line 346, in loads
    return _default_decoder.decode(s)
           ~~~~~~~~~~~~~~~~~~~~~~~^^^
  File "/usr/lib/python3.13/json/decoder.py", line 345, in decode
    obj, end = self.raw_decode(s, idx=_w(s, 0).end())
               ~~~~~~~~~~~~~~~^^^^^^^^^^^^^^^^^^^^^^^
  File "/usr/lib/python3.13/json/decoder.py", line 363, in raw_decode
    raise JSONDecodeError("Expecting value", s, err.value) from None
json.decoder.JSONDecodeError: Expecting value: line 1 column 1 (char 0)

During handling of the above exception, another exception occurred:

Traceback (most recent call last):
  File "/home/manish/erp/erp_ui/user_auth/views.py", line 255, in get
    return JsonResponse(response.json(), status=response.status_code)
                        ~~~~~~~~~~~~~^^
  File "/home/manish/erp/env/lib/python3.13/site-packages/requests/models.py", line 980, in json
    raise RequestsJSONDecodeError(e.msg, e.doc, e.pos)
requests.exceptions.JSONDecodeError: Expecting value: line 1 column 1 (char 0)
2026-03-26 06:45:12,352 [INFO] erp_ui: {'mobileNumber': '9823477474'}
NoneType: None
2026-03-26 16:17:07,570 [INFO] erp_ui: {'mobileNumber': '9823477474'}
NoneType: None
2026-03-26 16:17:12,597 [INFO] erp_ui: {'mobileNumber': '9826746383'}
NoneType: None
2026-03-28 10:34:19,234 [INFO] erp_ui: {'mobileNumber': '9826746383'}
NoneType: None
2026-03-28 10:35:31,337 [INFO] erp_ui: {'mobileNumber': '9826746383'}
NoneType: None
2026-03-29 03:36:38,076 [INFO] erp_ui: {'mobileNumber': '9823477474'}
NoneType: None
2026-04-04 12:26:19,902 [DEBUG] erp_ui: Access token expired. Attempting refresh for endpoint: /crm/approvedDocuments/list
2026-04-04 12:26:19,943 [WARNING] erp_ui: Refresh failed. Status: 404, Body: <!DOCTYPE html>
<html lang="en">
<head>
  <meta http-equiv="content-type" content="text/html; charset=utf-8">
  <title>Page not found at /api/token/refresh/</title>
  <meta name="robots" content="NONE,NOARCHIVE">
  <style>
    html * { padding:0; margin:0; }
    body * { padding:10px 20px; }
    body * * { padding:0; }
    body { font-family: sans-serif; background:#eee; color:#000; }
    body > :where(header, main, footer) { border-bottom:1px solid #ddd; }
    h1 { font-weight:normal; margin-bottom:.4em; }
    h1 small { font-size:60%; color:#666; font-weight:normal; }
    table { border:none; border-collapse: collapse; width:100%; }
    td, th { vertical-align:top; padding:2px 3px; }
    th { width:12em; text-align:right; color:#666; padding-right:.5em; }
    #info { background:#f6f6f6; }
    #info ol { margin: 0.5em 4em; }
    #info ol li { font-family: monospace; }
    #summary { background: #ffc; }
    #explanation { background:#eee; border-bottom: 0px none; }
    pre.exception_value { font-family: sans-serif; color: #575757; font-size: 1.5em; margin: 10px 0 10px 0; }
  </style>
</head>
<body>
  <header id="summary">
    <h1>Page not found <small>(404)</small></h1>
    
    <table class="meta">
      <tr>
        <th scope="row">Request Method:</th>
        <td>POST</td>
      </tr>
      <tr>
        <th scope="row">Request URL:</th>
        <td>http://127.0.0.1:8099/api/token/refresh/</td>
      </tr>
      
    </table>
  </header>

  <main id="info">
    
      <p>
      Using the URLconf defined in <code>api.urls</code>,
      Django tried these URL patterns, in this order:
      </p>
      <ol>
        
          <li>
            
              <code>
                admin/
                
              </code>
            
          </li>
        
          <li>
            
              <code>
                master/
                
              </code>
            
          </li>
        
          <li>
            
              <code>
                tools/
                
              </code>
            
          </li>
        
          <li>
            
              <code>
                crm/
                
              </code>
            
          </li>
        
          <li>
            
              <code>
                auth/
                
              </code>
            
          </li>
        
          <li>
            
              <code>
                loan/
                
              </code>
            
          </li>
        
      </ol>
      <p>
        
          The current path, <code>api/token/refresh/</code>,
        
        didn’t match any of these.
      </p>
    
  </main>

  <footer id="explanation">
    <p>
      You’re seeing this error because you have <code>DEBUG = True</code> in
      your Django settings file. Change that to <code>False</code>, and Django
      will display a standard 404 page.
    </p>
  </footer>
</body>
</html>

2026-04-04 12:26:19,943 [INFO] erp_ui: Session expired or refresh failed. Clearing tokens and flushing session.
